decoded 24 left and 24 right words over 25 LRCLK periods; fed 26 samples
  period 0: L=0000 R=0000   fed[0]=0000
  period 1: L=1234 R=1234   fed[1]=1234
  period 2: L=8000 R=8000   fed[2]=8000
  period 3: L=7fff R=7fff   fed[3]=7fff
  period 4: L=abcd R=abcd   fed[4]=abcd
  period 5: L=ffff R=ffff   fed[5]=ffff
raw bits at the first 20 BCLK rising edges of a slot (bit 0 = I2S delay bit, bit 1 = MSB):
  slot 2: 00000000000000000000
  slot 3: 00001001000110100000
  slot 4: 00001001000110100000
  slot 5: 01000000000000000000
  slot 6: 01000000000000000000
  slot 7: 00111111111111111000
ok: left  word k == fed sample k+0
ok: right word k == fed sample k+0
ok: L == R within every LRCLK period (contract 11: same sample on both channels)
ok: slot padding bits are zero (16-bit sample left-justified in a 32-bit slot)
ok: 32 BCLKs per channel slot -> BCLK = 64 x LRCLK = 3.072 MHz
ok: LRCLK period = 256 clk = 48 kHz
TB PASS
tb_i2s.v:120: $finish called at 524860310 (1ps)
