decoded 24 left and 24 right words over 25 LRCLK periods; fed 26 samples
  period 0: L=0000 R=091a   fed[0]=0000
  period 1: L=091a R=4000   fed[1]=1234
  period 2: L=4000 R=3fff   fed[2]=8000
  period 3: L=3fff R=55e6   fed[3]=7fff
  period 4: L=55e6 R=7fff   fed[4]=abcd
  period 5: L=7fff R=0000   fed[5]=ffff
raw bits at the first 20 BCLK rising edges of a slot (bit 0 = I2S delay bit, bit 1 = MSB):
  slot 2: 00000100100011010000
  slot 3: 00000100100011010000
  slot 4: 00100000000000000000
  slot 5: 00100000000000000000
  slot 6: 00011111111111111100
  slot 7: 00011111111111111100
FAIL: left words never line up with the fed samples (bit order/polarity?)
FAIL: right words never line up with the fed samples
note: L != R in 10 of 10 LRCLK periods -- channels carry samples one frame apart (audibly irrelevant, but not what contract 11 describes)
FAIL: 28 non-zero bits in the 16-bit padding of the 32-bit slots
ok: 32 BCLKs per channel slot -> BCLK = 64 x LRCLK = 3.072 MHz
ok: LRCLK period = 256 clk = 48 kHz
TB FAIL (3)
tb_i2s.v:120: $finish called at 524860310 (1ps)
